Analyzing paypulse...                                           

   info - 'withOpacity' is deprecated and shouldn't be used. Use .withValues() to avoid precision loss - lib\app\features\admin\presentation\screens\admin_dashboard_screen.dart:113:56 - deprecated_member_use
   info - 'withOpacity' is deprecated and shouldn't be used. Use .withValues() to avoid precision loss - lib\app\features\admin\presentation\screens\admin_dashboard_screen.dart:127:56 - deprecated_member_use
   info - 'withOpacity' is deprecated and shouldn't be used. Use .withValues() to avoid precision loss - lib\app\features\admin\presentation\screens\admin_dashboard_screen.dart:156:48 - deprecated_member_use
   info - 'withOpacity' is deprecated and shouldn't be used. Use .withValues() to avoid precision loss - lib\app\features\admin\presentation\screens\admin_dashboard_screen.dart:193:45 - deprecated_member_use
   info - 'withOpacity' is deprecated and shouldn't be used. Use .withValues() to avoid precision loss - lib\app\features\admin\presentation\widgets\user_management_view.dart:140:45 - deprecated_member_use
   info - 'withOpacity' is deprecated and shouldn't be used. Use .withValues() to avoid precision loss - lib\app\features\admin\presentation\widgets\user_management_view.dart:141:40 - deprecated_member_use
   info - 'withOpacity' is deprecated and shouldn't be used. Use .withValues() to avoid precision loss - lib\app\features\analytics\presentation\screens\analytics_screen.dart:87:59 - deprecated_member_use
   info - 'withOpacity' is deprecated and shouldn't be used. Use .withValues() to avoid precision loss - lib\app\features\analytics\presentation\screens\analytics_screen.dart:97:57 - deprecated_member_use
   info - The import of 'dart:ui' is unnecessary because all of the used elements are also provided by the import of 'package:flutter/material.dart' - lib\app\features\auth\presentation\screens\auth_selection_screen.dart:6:8 - unnecessary_import
   info - 'withOpacity' is deprecated and shouldn't be used. Use .withValues() to avoid precision loss - lib\app\features\auth\presentation\screens\auth_selection_screen.dart:27:45 - deprecated_member_use
   info - 'withOpacity' is deprecated and shouldn't be used. Use .withValues() to avoid precision loss - lib\app\features\auth\presentation\screens\auth_selection_screen.dart:49:58 - deprecated_member_use
   info - 'withOpacity' is deprecated and shouldn't be used. Use .withValues() to avoid precision loss - lib\app\features\auth\presentation\screens\auth_selection_screen.dart:52:62 - deprecated_member_use
   info - 'withOpacity' is deprecated and shouldn't be used. Use .withValues() to avoid precision loss - lib\app\features\auth\presentation\screens\auth_selection_screen.dart:148:37 - deprecated_member_use
   info - 'withOpacity' is deprecated and shouldn't be used. Use .withValues() to avoid precision loss - lib\app\features\auth\presentation\screens\auth_selection_screen.dart:184:61 - deprecated_member_use
   info - 'withOpacity' is deprecated and shouldn't be used. Use .withValues() to avoid precision loss - lib\app\features\auth\presentation\screens\auth_selection_screen.dart:187:32 - deprecated_member_use
   info - 'withOpacity' is deprecated and shouldn't be used. Use .withValues() to avoid precision loss - lib\app\features\auth\presentation\screens\auth_selection_screen.dart:188:32 - deprecated_member_use
   info - 'withOpacity' is deprecated and shouldn't be used. Use .withValues() to avoid precision loss - lib\app\features\auth\presentation\screens\auth_selection_screen.dart:195:32 - deprecated_member_use
   info - Don't use 'BuildContext's across async gaps - lib\app\features\auth\presentation\screens\forgot_password_screen.dart:31:30 - use_build_context_synchronously
   info - Don't use 'BuildContext's across async gaps - lib\app\features\auth\presentation\screens\forgot_password_screen.dart:35:30 - use_build_context_synchronously
   info - Don't use 'BuildContext's across async gaps - lib\app\features\auth\presentation\screens\forgot_password_screen.dart:40:28 - use_build_context_synchronously
   info - 'withOpacity' is deprecated and shouldn't be used. Use .withValues() to avoid precision loss - lib\app\features\auth\presentation\screens\login_screen.dart:112:58 - deprecated_member_use
   info - 'withOpacity' is deprecated and shouldn't be used. Use .withValues() to avoid precision loss - lib\app\features\auth\presentation\screens\login_screen.dart:275:24 - deprecated_member_use
   info - 'withOpacity' is deprecated and shouldn't be used. Use .withValues() to avoid precision loss - lib\app\features\auth\presentation\screens\login_screen.dart:300:54 - deprecated_member_use
   info - 'withOpacity' is deprecated and shouldn't be used. Use .withValues() to avoid precision loss - lib\app\features\auth\presentation\screens\login_screen.dart:304:33 - deprecated_member_use
   info - 'withOpacity' is deprecated and shouldn't be used. Use .withValues() to avoid precision loss - lib\app\features\auth\presentation\screens\login_screen.dart:310:57 - deprecated_member_use
   info - 'withOpacity' is deprecated and shouldn't be used. Use .withValues() to avoid precision loss - lib\app\features\auth\presentation\screens\login_screen.dart:315:57 - deprecated_member_use
   info - 'withOpacity' is deprecated and shouldn't be used. Use .withValues() to avoid precision loss - lib\app\features\auth\presentation\screens\login_screen.dart:337:28 - deprecated_member_use
   info - 'withOpacity' is deprecated and shouldn't be used. Use .withValues() to avoid precision loss - lib\app\features\auth\presentation\screens\login_screen.dart:339:47 - deprecated_member_use
   info - 'withOpacity' is deprecated and shouldn't be used. Use .withValues() to avoid precision loss - lib\app\features\auth\presentation\screens\onboarding_screen.dart:72:51 - deprecated_member_use
   info - 'withOpacity' is deprecated and shouldn't be used. Use .withValues() to avoid precision loss - lib\app\features\auth\presentation\screens\onboarding_screen.dart:133:63 - deprecated_member_use
   info - 'withOpacity' is deprecated and shouldn't be used. Use .withValues() to avoid precision loss - lib\app\features\auth\presentation\screens\onboarding_screen.dart:196:46 - deprecated_member_use
   info - 'withOpacity' is deprecated and shouldn't be used. Use .withValues() to avoid precision loss - lib\app\features\auth\presentation\screens\onboarding_screen.dart:208:46 - deprecated_member_use
   info - 'withOpacity' is deprecated and shouldn't be used. Use .withValues() to avoid precision loss - lib\app\features\auth\presentation\screens\pin_login_screen.dart:77:54 - deprecated_member_use
   info - 'withOpacity' is deprecated and shouldn't be used. Use .withValues() to avoid precision loss - lib\app\features\bills\presentation\widgets\bill_countdown_widget.dart:55:33 - deprecated_member_use
   info - 'withOpacity' is deprecated and shouldn't be used. Use .withValues() to avoid precision loss - lib\app\features\bills\presentation\widgets\bill_countdown_widget.dart:60:35 - deprecated_member_use
   info - 'withOpacity' is deprecated and shouldn't be used. Use .withValues() to avoid precision loss - lib\app\features\bills\presentation\widgets\bill_countdown_widget.dart:77:34 - deprecated_member_use
   info - Use 'const' with the constructor to improve performance - lib\app\features\bills\presentation\widgets\bill_countdown_widget.dart:83:23 - prefer_const_constructors
   info - 'withOpacity' is deprecated and shouldn't be used. Use .withValues() to avoid precision loss - lib\app\features\bills\presentation\widgets\bill_countdown_widget.dart:145:58 - deprecated_member_use
warning - The value of the local variable 'theme' isn't used - lib\app\features\bills\presentation\widgets\bill_countdown_widget.dart:238:11 - unused_local_variable
   info - 'withOpacity' is deprecated and shouldn't be used. Use .withValues() to avoid precision loss - lib\app\features\bills\presentation\widgets\bill_countdown_widget.dart:247:35 - deprecated_member_use
   info - 'withOpacity' is deprecated and shouldn't be used. Use .withValues() to avoid precision loss - lib\app\features\bills\presentation\widgets\bill_countdown_widget.dart:252:27 - deprecated_member_use
   info - 'withOpacity' is deprecated and shouldn't be used. Use .withValues() to avoid precision loss - lib\app\features\bills\presentation\widgets\bill_countdown_widget.dart:285:35 - deprecated_member_use
   info - 'withOpacity' is deprecated and shouldn't be used. Use .withValues() to avoid precision loss - lib\app\features\cards\presentation\screens\virtual_cards_screen.dart:68:47 - deprecated_member_use
   info - 'withOpacity' is deprecated and shouldn't be used. Use .withValues() to avoid precision loss - lib\app\features\cards\presentation\screens\virtual_cards_screen.dart:103:54 - deprecated_member_use
   info - 'withOpacity' is deprecated and shouldn't be used. Use .withValues() to avoid precision loss - lib\app\features\cards\presentation\screens\virtual_cards_screen.dart:109:48 - deprecated_member_use
   info - 'withOpacity' is deprecated and shouldn't be used. Use .withValues() to avoid precision loss - lib\app\features\cards\presentation\widgets\premium_3d_card.dart:79:62 - deprecated_member_use
   info - 'withOpacity' is deprecated and shouldn't be used. Use .withValues() to avoid precision loss - lib\app\features\cards\presentation\widgets\premium_3d_card.dart:95:38 - deprecated_member_use
   info - 'withOpacity' is deprecated and shouldn't be used. Use .withValues() to avoid precision loss - lib\app\features\cards\presentation\widgets\premium_3d_card.dart:96:38 - deprecated_member_use
   info - 'withOpacity' is deprecated and shouldn't be used. Use .withValues() to avoid precision loss - lib\app\features\cards\presentation\widgets\premium_3d_card.dart:97:38 - deprecated_member_use
   info - 'withOpacity' is deprecated and shouldn't be used. Use .withValues() to avoid precision loss - lib\app\features\cards\presentation\widgets\premium_3d_card.dart:131:34 - deprecated_member_use
   info - 'withOpacity' is deprecated and shouldn't be used. Use .withValues() to avoid precision loss - lib\app\features\cards\presentation\widgets\premium_3d_card.dart:200:24 - deprecated_member_use
   info - 'withOpacity' is deprecated and shouldn't be used. Use .withValues() to avoid precision loss - lib\app\features\cards\presentation\widgets\premium_3d_card.dart:201:24 - deprecated_member_use
   info - 'withOpacity' is deprecated and shouldn't be used. Use .withValues() to avoid precision loss - lib\app\features\cards\presentation\widgets\premium_3d_card.dart:219:25 - deprecated_member_use
   info - 'withOpacity' is deprecated and shouldn't be used. Use .withValues() to avoid precision loss - lib\app\features\contacts\presentation\screens\contacts_list_screen.dart:46:36 - deprecated_member_use
   info - 'withOpacity' is deprecated and shouldn't be used. Use .withValues() to avoid precision loss - lib\app\features\contacts\presentation\screens\contacts_list_screen.dart:47:35 - deprecated_member_use
   info - 'withOpacity' is deprecated and shouldn't be used. Use .withValues() to avoid precision loss - lib\app\features\contacts\presentation\screens\contacts_list_screen.dart:114:54 - deprecated_member_use
   info - 'withOpacity' is deprecated and shouldn't be used. Use .withValues() to avoid precision loss - lib\app\features\contacts\presentation\screens\contacts_list_screen.dart:134:48 - deprecated_member_use
   info - The import of 'dart:ui' is unnecessary because all of the used elements are also provided by the import of 'package:flutter/material.dart' - lib\app\features\dashboard\presentation\screens\community_tab_screen.dart:10:8 - unnecessary_import
   info - 'withOpacity' is deprecated and shouldn't be used. Use .withValues() to avoid precision loss - lib\app\features\dashboard\presentation\screens\community_tab_screen.dart:269:51 - deprecated_member_use
warning - The declaration '_showComposeModal' isn't referenced - lib\app\features\dashboard\presentation\screens\community_tab_screen.dart:280:8 - unused_element
   info - 'withOpacity' is deprecated and shouldn't be used. Use .withValues() to avoid precision loss - lib\app\features\dashboard\presentation\screens\community_tab_screen.dart:299:36 - deprecated_member_use
   info - 'withOpacity' is deprecated and shouldn't be used. Use .withValues() to avoid precision loss - lib\app\features\dashboard\presentation\screens\community_tab_screen.dart:356:32 - deprecated_member_use
   info - 'withOpacity' is deprecated and shouldn't be used. Use .withValues() to avoid precision loss - lib\app\features\dashboard\presentation\screens\community_tab_screen.dart:387:24 - deprecated_member_use
   info - 'withOpacity' is deprecated and shouldn't be used. Use .withValues() to avoid precision loss - lib\app\features\dashboard\presentation\screens\community_tab_screen.dart:389:43 - deprecated_member_use
   info - 'withOpacity' is deprecated and shouldn't be used. Use .withValues() to avoid precision loss - lib\app\features\dashboard\presentation\screens\community_tab_screen.dart:405:54 - deprecated_member_use
   info - 'withOpacity' is deprecated and shouldn't be used. Use .withValues() to avoid precision loss - lib\app\features\dashboard\presentation\screens\community_tab_screen.dart:455:40 - deprecated_member_use
   info - 'withOpacity' is deprecated and shouldn't be used. Use .withValues() to avoid precision loss - lib\app\features\dashboard\presentation\screens\community_tab_screen.dart:488:48 - deprecated_member_use
   info - 'withOpacity' is deprecated and shouldn't be used. Use .withValues() to avoid precision loss - lib\app\features\dashboard\presentation\screens\community_tab_screen.dart:539:49 - deprecated_member_use
   info - 'withOpacity' is deprecated and shouldn't be used. Use .withValues() to avoid precision loss - lib\app\features\dashboard\presentation\screens\community_tab_screen.dart:599:40 - deprecated_member_use
   info - 'withOpacity' is deprecated and shouldn't be used. Use .withValues() to avoid precision loss - lib\app\features\dashboard\presentation\screens\community_tab_screen.dart:638:40 - deprecated_member_use
   info - 'withOpacity' is deprecated and shouldn't be used. Use .withValues() to avoid precision loss - lib\app\features\dashboard\presentation\screens\community_tab_screen.dart:650:33 - deprecated_member_use
   info - 'withOpacity' is deprecated and shouldn't be used. Use .withValues() to avoid precision loss - lib\app\features\dashboard\presentation\screens\community_tab_screen.dart:684:51 - deprecated_member_use
   info - 'withOpacity' is deprecated and shouldn't be used. Use .withValues() to avoid precision loss - lib\app\features\dashboard\presentation\screens\community_tab_screen.dart:732:37 - deprecated_member_use
   info - 'withOpacity' is deprecated and shouldn't be used. Use .withValues() to avoid precision loss - lib\app\features\dashboard\presentation\screens\community_tab_screen.dart:756:37 - deprecated_member_use
   info - 'withOpacity' is deprecated and shouldn't be used. Use .withValues() to avoid precision loss - lib\app\features\dashboard\presentation\screens\community_tab_screen.dart:849:63 - deprecated_member_use
   info - 'withOpacity' is deprecated and shouldn't be used. Use .withValues() to avoid precision loss - lib\app\features\dashboard\presentation\screens\community_tab_screen.dart:937:64 - deprecated_member_use
   info - 'withOpacity' is deprecated and shouldn't be used. Use .withValues() to avoid precision loss - lib\app\features\dashboard\presentation\screens\community_tab_screen.dart:950:48 - deprecated_member_use
   info - 'withOpacity' is deprecated and shouldn't be used. Use .withValues() to avoid precision loss - lib\app\features\dashboard\presentation\screens\community_tab_screen.dart:955:50 - deprecated_member_use
   info - 'withOpacity' is deprecated and shouldn't be used. Use .withValues() to avoid precision loss - lib\app\features\dashboard\presentation\screens\community_tab_screen.dart:1037:52 - deprecated_member_use
   info - 'withOpacity' is deprecated and shouldn't be used. Use .withValues() to avoid precision loss - lib\app\features\dashboard\presentation\screens\community_tab_screen.dart:1154:34 - deprecated_member_use
   info - 'withOpacity' is deprecated and shouldn't be used. Use .withValues() to avoid precision loss - lib\app\features\dashboard\presentation\screens\community_tab_screen.dart:1170:64 - deprecated_member_use
   info - 'withOpacity' is deprecated and shouldn't be used. Use .withValues() to avoid precision loss - lib\app\features\dashboard\presentation\screens\community_tab_screen.dart:1297:38 - deprecated_member_use
   info - 'withOpacity' is deprecated and shouldn't be used. Use .withValues() to avoid precision loss - lib\app\features\dashboard\presentation\screens\community_tab_screen.dart:1297:63 - deprecated_member_use
   info - 'withOpacity' is deprecated and shouldn't be used. Use .withValues() to avoid precision loss - lib\app\features\dashboard\presentation\screens\community_tab_screen.dart:1300:51 - deprecated_member_use
   info - 'withOpacity' is deprecated and shouldn't be used. Use .withValues() to avoid precision loss - lib\app\features\dashboard\presentation\screens\community_tab_screen.dart:1321:48 - deprecated_member_use
   info - 'withOpacity' is deprecated and shouldn't be used. Use .withValues() to avoid precision loss - lib\app\features\dashboard\presentation\screens\community_tab_screen.dart:1343:30 - deprecated_member_use
warning - The declaration '_buildPremiumActionChip' isn't referenced - lib\app\features\dashboard\presentation\screens\community_tab_screen.dart:1412:10 - unused_element
   info - 'withOpacity' is deprecated and shouldn't be used. Use .withValues() to avoid precision loss - lib\app\features\dashboard\presentation\screens\community_tab_screen.dart:1426:30 - deprecated_member_use
   info - 'withOpacity' is deprecated and shouldn't be used. Use .withValues() to avoid precision loss - lib\app\features\dashboard\presentation\screens\community_tab_screen.dart:1428:49 - deprecated_member_use
   info - 'withOpacity' is deprecated and shouldn't be used. Use .withValues() to avoid precision loss - lib\app\features\dashboard\presentation\screens\community_tab_screen.dart:1446:48 - deprecated_member_use
   info - 'withOpacity' is deprecated and shouldn't be used. Use .withValues() to avoid precision loss - lib\app\features\dashboard\presentation\screens\goals_screen.dart:33:50 - deprecated_member_use
   info - 'withOpacity' is deprecated and shouldn't be used. Use .withValues() to avoid precision loss - lib\app\features\dashboard\presentation\screens\home_tab_screen.dart:166:54 - deprecated_member_use
   info - 'withOpacity' is deprecated and shouldn't be used. Use .withValues() to avoid precision loss - lib\app\features\dashboard\presentation\screens\home_tab_screen.dart:171:50 - deprecated_member_use
   info - 'withOpacity' is deprecated and shouldn't be used. Use .withValues() to avoid precision loss - lib\app\features\dashboard\presentation\screens\home_tab_screen.dart:176:50 - deprecated_member_use
   info - Use 'const' with the constructor to improve performance - lib\app\features\dashboard\presentation\screens\home_tab_screen.dart:190:19 - prefer_const_constructors
   info - Use 'const' literals as arguments to constructors of '@immutable' classes - lib\app\features\dashboard\presentation\screens\home_tab_screen.dart:191:19 - prefer_const_literals_to_create_immutables
   info - 'withOpacity' is deprecated and shouldn't be used. Use .withValues() to avoid precision loss - lib\app\features\dashboard\presentation\screens\home_tab_screen.dart:198:40 - deprecated_member_use
   info - Use 'const' with the constructor to improve performance - lib\app\features\dashboard\presentation\screens\home_tab_screen.dart:206:11 - prefer_const_constructors
   info - Use 'const' with the constructor to improve performance - lib\app\features\dashboard\presentation\screens\home_tab_screen.dart:209:20 - prefer_const_constructors
   info - Use 'const' with the constructor to improve performance - lib\app\features\dashboard\presentation\screens\home_tab_screen.dart:211:22 - prefer_const_constructors
   info - Use 'const' with the constructor to improve performance - lib\app\features\dashboard\presentation\screens\home_tab_screen.dart:220:17 - prefer_const_constructors
   info - Use 'const' literals as arguments to constructors of '@immutable' classes - lib\app\features\dashboard\presentation\screens\home_tab_screen.dart:222:29 - prefer_const_literals_to_create_immutables
   info - 'withOpacity' is deprecated and shouldn't be used. Use .withValues() to avoid precision loss - lib\app\features\dashboard\presentation\screens\home_tab_screen.dart:274:35 - deprecated_member_use
   info - 'withOpacity' is deprecated and shouldn't be used. Use .withValues() to avoid precision loss - lib\app\features\dashboard\presentation\screens\home_tab_screen.dart:295:41 - deprecated_member_use
   info - 'withOpacity' is deprecated and shouldn't be used. Use .withValues() to avoid precision loss - lib\app\features\dashboard\presentation\screens\home_tab_screen.dart:361:32 - deprecated_member_use
   info - 'withOpacity' is deprecated and shouldn't be used. Use .withValues() to avoid precision loss - lib\app\features\dashboard\presentation\screens\home_tab_screen.dart:363:54 - deprecated_member_use
   info - 'withOpacity' is deprecated and shouldn't be used. Use .withValues() to avoid precision loss - lib\app\features\dashboard\presentation\screens\home_tab_screen.dart:372:50 - deprecated_member_use
   info - Use 'const' with the constructor to improve performance - lib\app\features\dashboard\presentation\screens\home_tab_screen.dart:387:32 - prefer_const_constructors
   info - 'withOpacity' is deprecated and shouldn't be used. Use .withValues() to avoid precision loss - lib\app\features\dashboard\presentation\screens\home_tab_screen.dart:408:37 - deprecated_member_use
   info - 'withOpacity' is deprecated and shouldn't be used. Use .withValues() to avoid precision loss - lib\app\features\dashboard\presentation\screens\home_tab_screen.dart:410:56 - deprecated_member_use
   info - Unnecessary 'const' keyword - lib\app\features\dashboard\presentation\screens\home_tab_screen.dart:413:9 - unnecessary_const
   info - 'withOpacity' is deprecated and shouldn't be used. Use .withValues() to avoid precision loss - lib\app\features\dashboard\presentation\screens\home_tab_screen.dart:453:30 - deprecated_member_use
   info - Statements in an if should be enclosed in a block - lib\app\features\dashboard\presentation\screens\home_tab_screen.dart:472:17 - curly_braces_in_flow_control_structures
   info - 'withOpacity' is deprecated and shouldn't be used. Use .withValues() to avoid precision loss - lib\app\features\dashboard\presentation\screens\home_tab_screen.dart:517:34 - deprecated_member_use
   info - 'withOpacity' is deprecated and shouldn't be used. Use .withValues() to avoid precision loss - lib\app\features\dashboard\presentation\screens\home_tab_screen.dart:519:56 - deprecated_member_use
   info - 'withOpacity' is deprecated and shouldn't be used. Use .withValues() to avoid precision loss - lib\app\features\dashboard\presentation\screens\home_tab_screen.dart:554:44 - deprecated_member_use
   info - 'withOpacity' is deprecated and shouldn't be used. Use .withValues() to avoid precision loss - lib\app\features\dashboard\presentation\screens\home_tab_screen.dart:559:52 - deprecated_member_use
warning - Unused import: 'package:paypulse/domain/entities/transaction_entity.dart' - lib\app\features\dashboard\presentation\screens\insights_tab_screen.dart:10:8 - unused_import
   info - Statements in an if should be enclosed in a block - lib\app\features\dashboard\presentation\screens\insights_tab_screen.dart:66:11 - curly_braces_in_flow_control_structures
   info - Statements in an if should be enclosed in a block - lib\app\features\dashboard\presentation\screens\insights_tab_screen.dart:68:11 - curly_braces_in_flow_control_structures
   info - 'withOpacity' is deprecated and shouldn't be used. Use .withValues() to avoid precision loss - lib\app\features\dashboard\presentation\screens\insights_tab_screen.dart:173:47 - deprecated_member_use
   info - 'withOpacity' is deprecated and shouldn't be used. Use .withValues() to avoid precision loss - lib\app\features\dashboard\presentation\screens\insights_tab_screen.dart:190:40 - deprecated_member_use
   info - 'withOpacity' is deprecated and shouldn't be used. Use .withValues() to avoid precision loss - lib\app\features\dashboard\presentation\screens\insights_tab_screen.dart:244:60 - deprecated_member_use
   info - 'withOpacity' is deprecated and shouldn't be used. Use .withValues() to avoid precision loss - lib\app\features\dashboard\presentation\screens\insights_tab_screen.dart:355:52 - deprecated_member_use
   info - 'withOpacity' is deprecated and shouldn't be used. Use .withValues() to avoid precision loss - lib\app\features\dashboard\presentation\screens\insights_tab_screen.dart:387:33 - deprecated_member_use
   info - 'withOpacity' is deprecated and shouldn't be used. Use .withValues() to avoid precision loss - lib\app\features\dashboard\presentation\screens\insights_tab_screen.dart:388:39 - deprecated_member_use
   info - 'withOpacity' is deprecated and shouldn't be used. Use .withValues() to avoid precision loss - lib\app\features\dashboard\presentation\screens\insights_tab_screen.dart:397:20 - deprecated_member_use
   info - 'withOpacity' is deprecated and shouldn't be used. Use .withValues() to avoid precision loss - lib\app\features\dashboard\presentation\screens\insights_tab_screen.dart:428:56 - deprecated_member_use
   info - 'withOpacity' is deprecated and shouldn't be used. Use .withValues() to avoid precision loss - lib\app\features\dashboard\presentation\screens\insights_tab_screen.dart:504:32 - deprecated_member_use
   info - 'withOpacity' is deprecated and shouldn't be used. Use .withValues() to avoid precision loss - lib\app\features\dashboard\presentation\screens\insights_tab_screen.dart:506:41 - deprecated_member_use
   info - 'withOpacity' is deprecated and shouldn't be used. Use .withValues() to avoid precision loss - lib\app\features\dashboard\presentation\screens\insights_tab_screen.dart:525:60 - deprecated_member_use
   info - 'withOpacity' is deprecated and shouldn't be used. Use .withValues() to avoid precision loss - lib\app\features\dashboard\presentation\screens\insights_tab_screen.dart:544:48 - deprecated_member_use
   info - 'withOpacity' is deprecated and shouldn't be used. Use .withValues() to avoid precision loss - lib\app\features\dashboard\presentation\screens\insights_tab_screen.dart:587:60 - deprecated_member_use
   info - 'withOpacity' is deprecated and shouldn't be used. Use .withValues() to avoid precision loss - lib\app\features\dashboard\presentation\screens\insights_tab_screen.dart:590:32 - deprecated_member_use
   info - 'withOpacity' is deprecated and shouldn't be used. Use .withValues() to avoid precision loss - lib\app\features\dashboard\presentation\screens\insights_tab_screen.dart:697:57 - deprecated_member_use
   info - 'withOpacity' is deprecated and shouldn't be used. Use .withValues() to avoid precision loss - lib\app\features\dashboard\presentation\screens\insights_tab_screen.dart:717:44 - deprecated_member_use
   info - 'withOpacity' is deprecated and shouldn't be used. Use .withValues() to avoid precision loss - lib\app\features\dashboard\presentation\screens\insights_tab_screen.dart:723:53 - deprecated_member_use
   info - 'withOpacity' is deprecated and shouldn't be used. Use .withValues() to avoid precision loss - lib\app\features\dashboard\presentation\screens\insights_tab_screen.dart:753:46 - deprecated_member_use
   info - 'withOpacity' is deprecated and shouldn't be used. Use .withValues() to avoid precision loss - lib\app\features\dashboard\presentation\screens\insights_tab_screen.dart:810:28 - deprecated_member_use
   info - 'withOpacity' is deprecated and shouldn't be used. Use .withValues() to avoid precision loss - lib\app\features\dashboard\presentation\screens\notifications_screen.dart:105:43 - deprecated_member_use
   info - 'withOpacity' is deprecated and shouldn't be used. Use .withValues() to avoid precision loss - lib\app\features\dashboard\presentation\screens\notifications_screen.dart:111:62 - deprecated_member_use
   info - 'withOpacity' is deprecated and shouldn't be used. Use .withValues() to avoid precision loss - lib\app\features\dashboard\presentation\screens\notifications_screen.dart:116:58 - deprecated_member_use
   info - 'withOpacity' is deprecated and shouldn't be used. Use .withValues() to avoid precision loss - lib\app\features\dashboard\presentation\screens\notifications_screen.dart:126:58 - deprecated_member_use
   info - 'withOpacity' is deprecated and shouldn't be used. Use .withValues() to avoid precision loss - lib\app\features\dashboard\presentation\screens\notifications_screen.dart:153:41 - deprecated_member_use
   info - 'withOpacity' is deprecated and shouldn't be used. Use .withValues() to avoid precision loss - lib\app\features\dashboard\presentation\screens\profile_icon_screen.dart:53:64 - deprecated_member_use
   info - 'withOpacity' is deprecated and shouldn't be used. Use .withValues() to avoid precision loss - lib\app\features\dashboard\presentation\screens\profile_icon_screen.dart:123:61 - deprecated_member_use
   info - 'withOpacity' is deprecated and shouldn't be used. Use .withValues() to avoid precision loss - lib\app\features\dashboard\presentation\screens\profile_icon_screen.dart:127:51 - deprecated_member_use
   info - Use 'const' with the constructor to improve performance - lib\app\features\dashboard\presentation\screens\profile_tab_screen.dart:48:27 - prefer_const_constructors
   info - 'withOpacity' is deprecated and shouldn't be used. Use .withValues() to avoid precision loss - lib\app\features\dashboard\presentation\screens\profile_tab_screen.dart:59:51 - deprecated_member_use
   info - 'withOpacity' is deprecated and shouldn't be used. Use .withValues() to avoid precision loss - lib\app\features\dashboard\presentation\screens\profile_tab_screen.dart:93:43 - deprecated_member_use
   info - 'withOpacity' is deprecated and shouldn't be used. Use .withValues() to avoid precision loss - lib\app\features\dashboard\presentation\screens\profile_tab_screen.dart:142:35 - deprecated_member_use
   info - 'withOpacity' is deprecated and shouldn't be used. Use .withValues() to avoid precision loss - lib\app\features\dashboard\presentation\screens\profile_tab_screen.dart:155:27 - deprecated_member_use
   info - 'withOpacity' is deprecated and shouldn't be used. Use .withValues() to avoid precision loss - lib\app\features\dashboard\presentation\screens\profile_tab_screen.dart:174:61 - deprecated_member_use
   info - 'withOpacity' is deprecated and shouldn't be used. Use .withValues() to avoid precision loss - lib\app\features\dashboard\presentation\screens\profile_tab_screen.dart:178:45 - deprecated_member_use
   info - 'activeColor' is deprecated and shouldn't be used. Use activeThumbColor instead. This feature was deprecated after v3.31.0-2.0.pre - lib\app\features\dashboard\presentation\screens\profile_tab_screen.dart:201:13 - deprecated_member_use
   info - 'withOpacity' is deprecated and shouldn't be used. Use .withValues() to avoid precision loss - lib\app\features\dashboard\presentation\screens\profile_tab_screen.dart:242:61 - deprecated_member_use
   info - 'withOpacity' is deprecated and shouldn't be used. Use .withValues() to avoid precision loss - lib\app\features\dashboard\presentation\screens\profile_tab_screen.dart:260:27 - deprecated_member_use
   info - 'withOpacity' is deprecated and shouldn't be used. Use .withValues() to avoid precision loss - lib\app\features\dashboard\presentation\screens\profile_tab_screen.dart:262:46 - deprecated_member_use
   info - The import of 'dart:ui' is unnecessary because all of the used elements are also provided by the import of 'package:flutter/material.dart' - lib\app\features\dashboard\presentation\screens\pulse_detail_screen.dart:6:8 - unnecessary_import
   info - Don't use 'BuildContext's across async gaps - lib\app\features\dashboard\presentation\screens\pulse_detail_screen.dart:52:21 - use_build_context_synchronously
   info - Don't use 'BuildContext's across async gaps - lib\app\features\dashboard\presentation\screens\pulse_detail_screen.dart:55:28 - use_build_context_synchronously
   info - 'withOpacity' is deprecated and shouldn't be used. Use .withValues() to avoid precision loss - lib\app\features\dashboard\presentation\screens\pulse_detail_screen.dart:117:54 - deprecated_member_use
   info - 'withOpacity' is deprecated and shouldn't be used. Use .withValues() to avoid precision loss - lib\app\features\dashboard\presentation\screens\pulse_detail_screen.dart:180:50 - deprecated_member_use
   info - 'withOpacity' is deprecated and shouldn't be used. Use .withValues() to avoid precision loss - lib\app\features\dashboard\presentation\screens\pulse_detail_screen.dart:243:33 - deprecated_member_use
   info - 'withOpacity' is deprecated and shouldn't be used. Use .withValues() to avoid precision loss - lib\app\features\dashboard\presentation\screens\settings\edit_profile_screen.dart:260:50 - deprecated_member_use
   info - 'withOpacity' is deprecated and shouldn't be used. Use .withValues() to avoid precision loss - lib\app\features\dashboard\presentation\screens\settings\edit_profile_screen.dart:266:58 - deprecated_member_use
   info - 'withOpacity' is deprecated and shouldn't be used. Use .withValues() to avoid precision loss - lib\app\features\dashboard\presentation\screens\settings\edit_profile_screen.dart:300:56 - deprecated_member_use
   info - 'withOpacity' is deprecated and shouldn't be used. Use .withValues() to avoid precision loss - lib\app\features\dashboard\presentation\screens\settings\edit_profile_screen.dart:346:57 - deprecated_member_use
   info - 'withOpacity' is deprecated and shouldn't be used. Use .withValues() to avoid precision loss - lib\app\features\dashboard\presentation\screens\settings\edit_profile_screen.dart:356:59 - deprecated_member_use
   info - 'withOpacity' is deprecated and shouldn't be used. Use .withValues() to avoid precision loss - lib\app\features\dashboard\presentation\screens\settings\edit_profile_screen.dart:382:63 - deprecated_member_use
   info - 'withOpacity' is deprecated and shouldn't be used. Use .withValues() to avoid precision loss - lib\app\features\dashboard\presentation\screens\settings\edit_profile_screen.dart:387:60 - deprecated_member_use
   info - 'value' is deprecated and shouldn't be used. Use initialValue instead. This will set the initial value for the form field. This feature was deprecated after v3.33.0-1.0.pre - lib\app\features\dashboard\presentation\screens\settings\edit_profile_screen.dart:407:7 - deprecated_member_use
   info - 'withOpacity' is deprecated and shouldn't be used. Use .withValues() to avoid precision loss - lib\app\features\dashboard\presentation\screens\settings\edit_profile_screen.dart:415:46 - deprecated_member_use
   info - 'withOpacity' is deprecated and shouldn't be used. Use .withValues() to avoid precision loss - lib\app\features\dashboard\presentation\screens\settings\edit_profile_screen.dart:425:59 - deprecated_member_use
   info - 'value' is deprecated and shouldn't be used. Use initialValue instead. This will set the initial value for the form field. This feature was deprecated after v3.33.0-1.0.pre - lib\app\features\dashboard\presentation\screens\settings\edit_profile_screen.dart:433:7 - deprecated_member_use
   info - 'withOpacity' is deprecated and shouldn't be used. Use .withValues() to avoid precision loss - lib\app\features\dashboard\presentation\screens\settings\edit_profile_screen.dart:441:46 - deprecated_member_use
   info - 'withOpacity' is deprecated and shouldn't be used. Use .withValues() to avoid precision loss - lib\app\features\dashboard\presentation\screens\settings\edit_profile_screen.dart:451:59 - deprecated_member_use
   info - 'withOpacity' is deprecated and shouldn't be used. Use .withValues() to avoid precision loss - lib\app\features\dashboard\presentation\screens\settings\edit_profile_screen.dart:470:61 - deprecated_member_use
   info - 'activeColor' is deprecated and shouldn't be used. Use activeThumbColor instead. This feature was deprecated after v3.31.0-2.0.pre - lib\app\features\dashboard\presentation\screens\settings\edit_profile_screen.dart:479:9 - deprecated_member_use
   info - Unnecessary use of 'toList' in a spread - lib\app\features\dashboard\presentation\screens\settings\identity_config_screen.dart:104:22 - unnecessary_to_list_in_spreads
   info - 'withOpacity' is deprecated and shouldn't be used. Use .withValues() to avoid precision loss - lib\app\features\dashboard\presentation\screens\settings\identity_config_screen.dart:130:46 - deprecated_member_use
   info - 'withOpacity' is deprecated and shouldn't be used. Use .withValues() to avoid precision loss - lib\app\features\dashboard\presentation\screens\settings\identity_config_screen.dart:199:46 - deprecated_member_use
   info - Don't use 'BuildContext's across async gaps, guarded by an unrelated 'mounted' check - lib\app\features\dashboard\presentation\screens\settings\identity_config_screen.dart:313:31 - use_build_context_synchronously
   info - Don't use 'BuildContext's across async gaps, guarded by an unrelated 'mounted' check - lib\app\features\dashboard\presentation\screens\settings\identity_config_screen.dart:314:38 - use_build_context_synchronously
   info - 'withOpacity' is deprecated and shouldn't be used. Use .withValues() to avoid precision loss - lib\app\features\dashboard\presentation\screens\settings\identity_config_screen.dart:331:22 - deprecated_member_use
   info - 'withOpacity' is deprecated and shouldn't be used. Use .withValues() to avoid precision loss - lib\app\features\dashboard\presentation\screens\settings\identity_config_screen.dart:333:41 - deprecated_member_use
   info - 'withOpacity' is deprecated and shouldn't be used. Use .withValues() to avoid precision loss - lib\app\features\dashboard\presentation\screens\settings\identity_config_screen.dart:349:28 - deprecated_member_use
   info - Unnecessary 'const' keyword - lib\app\features\dashboard\presentation\screens\settings\identity_config_screen.dart:356:11 - unnecessary_const
   info - Don't use 'BuildContext's across async gaps, guarded by an unrelated 'mounted' check - lib\app\features\dashboard\presentation\screens\settings\identity_config_screen.dart:415:33 - use_build_context_synchronously
   info - Don't use 'BuildContext's across async gaps, guarded by an unrelated 'mounted' check - lib\app\features\dashboard\presentation\screens\settings\identity_config_screen.dart:416:40 - use_build_context_synchronously
   info - Don't use 'BuildContext's across async gaps, guarded by an unrelated 'mounted' check - lib\app\features\dashboard\presentation\screens\settings\identity_config_screen.dart:422:40 - use_build_context_synchronously
   info - 'withOpacity' is deprecated and shouldn't be used. Use .withValues() to avoid precision loss - lib\app\features\dashboard\presentation\screens\settings\personal_info_screen.dart:111:36 - deprecated_member_use
   info - 'withOpacity' is deprecated and shouldn't be used. Use .withValues() to avoid precision loss - lib\app\features\dashboard\presentation\screens\settings\personal_info_screen.dart:113:55 - deprecated_member_use
   info - 'value' is deprecated and shouldn't be used. Use initialValue instead. This will set the initial value for the form field. This feature was deprecated after v3.33.0-1.0.pre - lib\app\features\dashboard\presentation\screens\settings\personal_info_screen.dart:206:17 - deprecated_member_use
   info - 'withOpacity' is deprecated and shouldn't be used. Use .withValues() to avoid precision loss - lib\app\features\dashboard\presentation\screens\settings\professional_profile_screen.dart:97:43 - deprecated_member_use
   info - 'withOpacity' is deprecated and shouldn't be used. Use .withValues() to avoid precision loss - lib\app\features\dashboard\presentation\screens\settings\professional_profile_screen.dart:127:49 - deprecated_member_use
   info - 'activeColor' is deprecated and shouldn't be used. Use activeThumbColor instead. This feature was deprecated after v3.31.0-2.0.pre - lib\app\features\dashboard\presentation\screens\settings\professional_profile_screen.dart:140:21 - deprecated_member_use
   info - The import of 'package:flutter/services.dart' is unnecessary because all of the used elements are also provided by the import of 'package:flutter/material.dart' - lib\app\features\dashboard\presentation\screens\transactions_tab_screen.dart:2:8 - unnecessary_import
   info - 'withOpacity' is deprecated and shouldn't be used. Use .withValues() to avoid precision loss - lib\app\features\dashboard\presentation\screens\transactions_tab_screen.dart:112:50 - deprecated_member_use
   info - 'withOpacity' is deprecated and shouldn't be used. Use .withValues() to avoid precision loss - lib\app\features\dashboard\presentation\screens\transactions_tab_screen.dart:137:61 - deprecated_member_use
   info - 'withOpacity' is deprecated and shouldn't be used. Use .withValues() to avoid precision loss - lib\app\features\dashboard\presentation\screens\transactions_tab_screen.dart:144:64 - deprecated_member_use
   info - The import of 'dart:ui' is unnecessary because all of the used elements are also provided by the import of 'package:flutter/material.dart' - lib\app\features\dashboard\presentation\screens\wallet_tab_screen.dart:1:8 - unnecessary_import
   info - 'withOpacity' is deprecated and shouldn't be used. Use .withValues() to avoid precision loss - lib\app\features\dashboard\presentation\screens\wallet_tab_screen.dart:118:44 - deprecated_member_use
   info - Unnecessary use of 'toList' in a spread - lib\app\features\dashboard\presentation\screens\wallet_tab_screen.dart:226:18 - unnecessary_to_list_in_spreads
   info - 'withOpacity' is deprecated and shouldn't be used. Use .withValues() to avoid precision loss - lib\app\features\dashboard\presentation\screens\wallet_tab_screen.dart:254:42 - deprecated_member_use
   info - 'withOpacity' is deprecated and shouldn't be used. Use .withValues() to avoid precision loss - lib\app\features\dashboard\presentation\screens\wallet_tab_screen.dart:265:39 - deprecated_member_use
   info - 'withOpacity' is deprecated and shouldn't be used. Use .withValues() to avoid precision loss - lib\app\features\dashboard\presentation\screens\wallet_tab_screen.dart:293:37 - deprecated_member_use
   info - 'withOpacity' is deprecated and shouldn't be used. Use .withValues() to avoid precision loss - lib\app\features\dashboard\presentation\screens\wallet_tab_screen.dart:338:53 - deprecated_member_use
   info - 'withOpacity' is deprecated and shouldn't be used. Use .withValues() to avoid precision loss - lib\app\features\dashboard\presentation\screens\wallet_tab_screen.dart:362:52 - deprecated_member_use
   info - 'withOpacity' is deprecated and shouldn't be used. Use .withValues() to avoid precision loss - lib\app\features\dashboard\presentation\screens\wallet_tab_screen.dart:399:52 - deprecated_member_use
   info - 'withOpacity' is deprecated and shouldn't be used. Use .withValues() to avoid precision loss - lib\app\features\dashboard\presentation\screens\wallet_tab_screen.dart:402:59 - deprecated_member_use
   info - Statements in an if should be enclosed in a block - lib\app\features\dashboard\presentation\screens\wallet_tab_screen.dart:424:7 - curly_braces_in_flow_control_structures
   info - Statements in an if should be enclosed in a block - lib\app\features\dashboard\presentation\screens\wallet_tab_screen.dart:441:7 - curly_braces_in_flow_control_structures
   info - 'withOpacity' is deprecated and shouldn't be used. Use .withValues() to avoid precision loss - lib\app\features\dashboard\presentation\screens\wallet_tab_screen.dart:460:50 - deprecated_member_use
   info - 'withOpacity' is deprecated and shouldn't be used. Use .withValues() to avoid precision loss - lib\app\features\dashboard\presentation\screens\wallet_tab_screen.dart:463:57 - deprecated_member_use
   info - Statements in an if should be enclosed in a block - lib\app\features\dashboard\presentation\screens\wallet_tab_screen.dart:484:7 - curly_braces_in_flow_control_structures
   info - 'withOpacity' is deprecated and shouldn't be used. Use .withValues() to avoid precision loss - lib\app\features\dashboard\presentation\screens\wallet_tab_screen.dart:508:34 - deprecated_member_use
   info - 'withOpacity' is deprecated and shouldn't be used. Use .withValues() to avoid precision loss - lib\app\features\dashboard\presentation\widgets\floating_nav_bar.dart:30:35 - deprecated_member_use
   info - 'withOpacity' is deprecated and shouldn't be used. Use .withValues() to avoid precision loss - lib\app\features\dashboard\presentation\widgets\floating_nav_bar.dart:47:38 - deprecated_member_use
   info - 'withOpacity' is deprecated and shouldn't be used. Use .withValues() to avoid precision loss - lib\app\features\dashboard\presentation\widgets\floating_nav_bar.dart:48:38 - deprecated_member_use
   info - 'withOpacity' is deprecated and shouldn't be used. Use .withValues() to avoid precision loss - lib\app\features\dashboard\presentation\widgets\floating_nav_bar.dart:119:48 - deprecated_member_use
   info - 'withOpacity' is deprecated and shouldn't be used. Use .withValues() to avoid precision loss - lib\app\features\dashboard\presentation\widgets\navigation_overlay.dart:23:30 - deprecated_member_use
   info - 'withOpacity' is deprecated and shouldn't be used. Use .withValues() to avoid precision loss - lib\app\features\dashboard\presentation\widgets\navigation_overlay.dart:24:30 - deprecated_member_use
   info - 'withOpacity' is deprecated and shouldn't be used. Use .withValues() to avoid precision loss - lib\app\features\dashboard\presentation\widgets\navigation_overlay.dart:169:58 - deprecated_member_use
   info - 'withOpacity' is deprecated and shouldn't be used. Use .withValues() to avoid precision loss - lib\app\features\dashboard\presentation\widgets\navigation_overlay.dart:174:58 - deprecated_member_use
   info - 'withOpacity' is deprecated and shouldn't be used. Use .withValues() to avoid precision loss - lib\app\features\dashboard\presentation\widgets\navigation_overlay.dart:243:61 - deprecated_member_use
   info - 'withOpacity' is deprecated and shouldn't be used. Use .withValues() to avoid precision loss - lib\app\features\dashboard\presentation\widgets\navigation_overlay.dart:271:36 - deprecated_member_use
   info - 'withOpacity' is deprecated and shouldn't be used. Use .withValues() to avoid precision loss - lib\app\features\dashboard\presentation\widgets\pulse_action_hub.dart:20:30 - deprecated_member_use
   info - 'withOpacity' is deprecated and shouldn't be used. Use .withValues() to avoid precision loss - lib\app\features\dashboard\presentation\widgets\pulse_action_hub.dart:21:30 - deprecated_member_use
   info - 'withOpacity' is deprecated and shouldn't be used. Use .withValues() to avoid precision loss - lib\app\features\dashboard\presentation\widgets\pulse_action_hub.dart:31:36 - deprecated_member_use
   info - 'withOpacity' is deprecated and shouldn't be used. Use .withValues() to avoid precision loss - lib\app\features\dashboard\presentation\widgets\pulse_action_hub.dart:125:28 - deprecated_member_use
   info - 'withOpacity' is deprecated and shouldn't be used. Use .withValues() to avoid precision loss - lib\app\features\dashboard\presentation\widgets\pulse_action_hub.dart:127:47 - deprecated_member_use
   info - 'withOpacity' is deprecated and shouldn't be used. Use .withValues() to avoid precision loss - lib\app\features\dashboard\presentation\widgets\pulse_action_hub.dart:170:49 - deprecated_member_use
   info - 'withOpacity' is deprecated and shouldn't be used. Use .withValues() to avoid precision loss - lib\app\features\dashboard\presentation\widgets\spending_chart.dart:46:59 - deprecated_member_use
   info - 'withOpacity' is deprecated and shouldn't be used. Use .withValues() to avoid precision loss - lib\app\features\dashboard\presentation\widgets\spending_chart.dart:68:50 - deprecated_member_use
   info - 'withOpacity' is deprecated and shouldn't be used. Use .withValues() to avoid precision loss - lib\app\features\dashboard\presentation\widgets\spending_chart.dart:93:44 - deprecated_member_use
   info - 'withOpacity' is deprecated and shouldn't be used. Use .withValues() to avoid precision loss - lib\app\features\dashboard\presentation\widgets\spending_chart.dart:137:47 - deprecated_member_use
   info - 'withOpacity' is deprecated and shouldn't be used. Use .withValues() to avoid precision loss - lib\app\features\dashboard\presentation\widgets\spending_chart.dart:138:47 - deprecated_member_use
warning - Unused import: 'package:flutter/material.dart' - lib\app\features\gamification\presentation\state\gamification_notifier.dart:1:8 - unused_import
warning - Unused import: 'package:paypulse/core/theme/design_system_v2.dart' - lib\app\features\gamification\presentation\widgets\gamification_widgets.dart:4:8 - unused_import
   info - 'withOpacity' is deprecated and shouldn't be used. Use .withValues() to avoid precision loss - lib\app\features\gamification\presentation\widgets\gamification_widgets.dart:28:40 - deprecated_member_use
   info - Use 'const' with the constructor to improve performance - lib\app\features\gamification\presentation\widgets\gamification_widgets.dart:38:11 - prefer_const_constructors
warning - The value of the local variable 'theme' isn't used - lib\app\features\gamification\presentation\widgets\gamification_widgets.dart:65:11 - unused_local_variable
   info - 'withOpacity' is deprecated and shouldn't be used. Use .withValues() to avoid precision loss - lib\app\features\gamification\presentation\widgets\gamification_widgets.dart:130:28 - deprecated_member_use
warning - Unused import: 'package:flutter_riverpod/flutter_riverpod.dart' - lib\app\features\insights\presentation\widgets\spending_heatmap.dart:2:8 - unused_import
   info - 'withOpacity' is deprecated and shouldn't be used. Use .withValues() to avoid precision loss - lib\app\features\insights\presentation\widgets\spending_heatmap.dart:52:60 - deprecated_member_use
   info - Use 'const' with the constructor to improve performance - lib\app\features\insights\presentation\widgets\spending_heatmap.dart:92:13 - prefer_const_constructors
   info - Use 'const' with the constructor to improve performance - lib\app\features\insights\presentation\widgets\spending_heatmap.dart:92:33 - prefer_const_constructors
   info - Use 'const' with the constructor to improve performance - lib\app\features\insights\presentation\widgets\spending_heatmap.dart:106:13 - prefer_const_constructors
   info - Use 'const' with the constructor to improve performance - lib\app\features\insights\presentation\widgets\spending_heatmap.dart:106:33 - prefer_const_constructors
   info - 'withOpacity' is deprecated and shouldn't be used. Use .withValues() to avoid precision loss - lib\app\features\insights\presentation\widgets\spending_heatmap.dart:151:52 - deprecated_member_use
   info - 'withOpacity' is deprecated and shouldn't be used. Use .withValues() to avoid precision loss - lib\app\features\insights\presentation\widgets\spending_heatmap.dart:161:47 - deprecated_member_use
   info - The private field _currency could be 'final' - lib\app\features\money_circle\presentation\screens\create_circle_screen.dart:20:10 - prefer_final_fields
   info - 'value' is deprecated and shouldn't be used. Use initialValue instead. This will set the initial value for the form field. This feature was deprecated after v3.33.0-1.0.pre - lib\app\features\money_circle\presentation\screens\create_circle_screen.dart:53:15 - deprecated_member_use
   info - 'withOpacity' is deprecated and shouldn't be used. Use .withValues() to avoid precision loss - lib\app\features\money_circle\presentation\screens\money_circle_screen.dart:62:53 - deprecated_member_use
   info - 'withOpacity' is deprecated and shouldn't be used. Use .withValues() to avoid precision loss - lib\app\features\money_circle\presentation\screens\money_circle_screen.dart:69:33 - deprecated_member_use
   info - 'withOpacity' is deprecated and shouldn't be used. Use .withValues() to avoid precision loss - lib\app\features\money_circle\presentation\screens\money_circle_screen.dart:74:54 - deprecated_member_use
   info - Use 'const' with the constructor to improve performance - lib\app\features\money_circle\presentation\screens\money_circle_screen.dart:122:23 - prefer_const_constructors
   info - 'withOpacity' is deprecated and shouldn't be used. Use .withValues() to avoid precision loss - lib\app\features\money_circle\presentation\screens\money_circle_screen.dart:158:51 - deprecated_member_use
   info - 'withOpacity' is deprecated and shouldn't be used. Use .withValues() to avoid precision loss - lib\app\features\multicurrency\presentation\screens\currency_trends_screen.dart:79:54 - deprecated_member_use
   info - 'withOpacity' is deprecated and shouldn't be used. Use .withValues() to avoid precision loss - lib\app\features\multicurrency\presentation\screens\currency_trends_screen.dart:93:62 - deprecated_member_use
   info - 'withOpacity' is deprecated and shouldn't be used. Use .withValues() to avoid precision loss - lib\app\features\multicurrency\presentation\screens\currency_trends_screen.dart:156:50 - deprecated_member_use
   info - 'withOpacity' is deprecated and shouldn't be used. Use .withValues() to avoid precision loss - lib\app\features\multicurrency\presentation\screens\currency_trends_screen.dart:195:54 - deprecated_member_use
   info - 'withOpacity' is deprecated and shouldn't be used. Use .withValues() to avoid precision loss - lib\app\features\multicurrency\presentation\screens\currency_trends_screen.dart:203:28 - deprecated_member_use
   info - 'withOpacity' is deprecated and shouldn't be used. Use .withValues() to avoid precision loss - lib\app\features\multicurrency\presentation\screens\currency_trends_screen.dart:220:60 - deprecated_member_use
   info - Use a 'SizedBox' to add whitespace to a layout - lib\app\features\multicurrency\presentation\screens\multi_currency_wallet_screen.dart:49:12 - sized_box_for_whitespace
   info - 'withOpacity' is deprecated and shouldn't be used. Use .withValues() to avoid precision loss - lib\app\features\multicurrency\presentation\screens\multi_currency_wallet_screen.dart:59:54 - deprecated_member_use
   info - 'withOpacity' is deprecated and shouldn't be used. Use .withValues() to avoid precision loss - lib\app\features\multicurrency\presentation\screens\multi_currency_wallet_screen.dart:165:56 - deprecated_member_use
   info - 'Table.fromTextArray' is deprecated and shouldn't be used. Use TableHelper.fromTextArray() instead - lib\app\features\pro\presentation\screens\invoice_generator_screen.dart:95:15 - deprecated_member_use
   info - 'withOpacity' is deprecated and shouldn't be used. Use .withValues() to avoid precision loss - lib\app\features\security\presentation\widgets\privacy_overlay_wrapper.dart:53:37 - deprecated_member_use
   info - Use 'const' with the constructor to improve performance - lib\app\features\security\presentation\widgets\privacy_overlay_wrapper.dart:54:24 - prefer_const_constructors
   info - Use 'const' with the constructor to improve performance - lib\app\features\security\presentation\widgets\privacy_overlay_wrapper.dart:55:26 - prefer_const_constructors
   info - Use 'const' literals as arguments to constructors of '@immutable' classes - lib\app\features\security\presentation\widgets\privacy_overlay_wrapper.dart:57:31 - prefer_const_literals_to_create_immutables
   info - 'withOpacity' is deprecated and shouldn't be used. Use .withValues() to avoid precision loss - lib\app\features\security_privacy\presentation\screens\security_privacy_screen.dart:246:46 - deprecated_member_use
   info - 'activeColor' is deprecated and shouldn't be used. Use activeThumbColor or activeTrackColor instead. This feature was deprecated after v3.31.0-2.0.pre - lib\app\features\security_privacy\presentation\screens\security_privacy_screen.dart:255:11 - deprecated_member_use
   info - 'withOpacity' is deprecated and shouldn't be used. Use .withValues() to avoid precision loss - lib\app\features\security_privacy\presentation\screens\security_privacy_screen.dart:270:46 - deprecated_member_use
   info - 'withOpacity' is deprecated and shouldn't be used. Use .withValues() to avoid precision loss - lib\app\features\settings\presentation\screens\privacy_settings_screen.dart:59:54 - deprecated_member_use
   info - 'groupValue' is deprecated and shouldn't be used. Use a RadioGroup ancestor to manage group value instead. This feature was deprecated after v3.32.0-0.0.pre - lib\app\features\settings\presentation\screens\theme_settings_screen.dart:114:13 - deprecated_member_use
   info - 'onChanged' is deprecated and shouldn't be used. Use RadioGroup to handle value change instead. This feature was deprecated after v3.32.0-0.0.pre - lib\app\features\settings\presentation\screens\theme_settings_screen.dart:115:13 - deprecated_member_use
   info - 'groupValue' is deprecated and shouldn't be used. Use a RadioGroup ancestor to manage group value instead. This feature was deprecated after v3.32.0-0.0.pre - lib\app\features\settings\presentation\screens\theme_settings_screen.dart:122:13 - deprecated_member_use
   info - 'onChanged' is deprecated and shouldn't be used. Use RadioGroup to handle value change instead. This feature was deprecated after v3.32.0-0.0.pre - lib\app\features\settings\presentation\screens\theme_settings_screen.dart:123:13 - deprecated_member_use
   info - 'groupValue' is deprecated and shouldn't be used. Use a RadioGroup ancestor to manage group value instead. This feature was deprecated after v3.32.0-0.0.pre - lib\app\features\settings\presentation\screens\theme_settings_screen.dart:130:13 - deprecated_member_use
   info - 'onChanged' is deprecated and shouldn't be used. Use RadioGroup to handle value change instead. This feature was deprecated after v3.32.0-0.0.pre - lib\app\features\settings\presentation\screens\theme_settings_screen.dart:131:13 - deprecated_member_use
   info - Use 'const' with the constructor to improve performance - lib\app\features\settings\presentation\screens\theme_settings_screen.dart:173:11 - prefer_const_constructors
   info - Use 'const' with the constructor to improve performance - lib\app\features\settings\presentation\screens\theme_settings_screen.dart:174:20 - prefer_const_constructors
   info - 'value' is deprecated and shouldn't be used. Use component accessors like .r or .g, or toARGB32 for an explicit conversion - lib\app\features\settings\presentation\screens\theme_settings_screen.dart:233:46 - deprecated_member_use
   info - 'value' is deprecated and shouldn't be used. Use component accessors like .r or .g, or toARGB32 for an explicit conversion - lib\app\features\settings\presentation\screens\theme_settings_screen.dart:233:61 - deprecated_member_use
   info - 'withOpacity' is deprecated and shouldn't be used. Use .withValues() to avoid precision loss - lib\app\features\settings\presentation\screens\theme_settings_screen.dart:256:43 - deprecated_member_use
   info - 'withOpacity' is deprecated and shouldn't be used. Use .withValues() to avoid precision loss - lib\app\features\social\presentation\screens\chat_list_screen.dart:235:46 - deprecated_member_use
   info - 'withOpacity' is deprecated and shouldn't be used. Use .withValues() to avoid precision loss - lib\app\features\social\presentation\screens\chat_list_screen.dart:296:64 - deprecated_member_use
   info - 'withOpacity' is deprecated and shouldn't be used. Use .withValues() to avoid precision loss - lib\app\features\social\presentation\screens\chat_list_screen.dart:356:60 - deprecated_member_use
   info - 'withOpacity' is deprecated and shouldn't be used. Use .withValues() to avoid precision loss - lib\app\features\social\presentation\screens\chat_list_screen.dart:619:54 - deprecated_member_use
   info - 'withOpacity' is deprecated and shouldn't be used. Use .withValues() to avoid precision loss - lib\app\features\splash\presentation\screens\splash_screen.dart:95:45 - deprecated_member_use
   info - 'withOpacity' is deprecated and shouldn't be used. Use .withValues() to avoid precision loss - lib\app\features\splash\presentation\screens\splash_screen.dart:98:49 - deprecated_member_use
   info - 'onAccept' is deprecated and shouldn't be used. Use onAcceptWithDetails instead. This callback is similar to onAcceptWithDetails but does not provide drag details. This feature was deprecated after v3.14.0-0.2.pre - lib\app\features\split_bill\presentation\screens\split_bill_screen.dart:140:23 - deprecated_member_use
   info - 'withOpacity' is deprecated and shouldn't be used. Use .withValues() to avoid precision loss - lib\app\features\wallet\presentation\screens\connect_wallet_screen.dart:68:38 - deprecated_member_use
   info - 'withOpacity' is deprecated and shouldn't be used. Use .withValues() to avoid precision loss - lib\app\features\wallet\presentation\screens\connect_wallet_screen.dart:101:54 - deprecated_member_use
   info - 'withOpacity' is deprecated and shouldn't be used. Use .withValues() to avoid precision loss - lib\app\features\wallet\presentation\screens\connect_wallet_screen.dart:113:47 - deprecated_member_use
   info - 'withOpacity' is deprecated and shouldn't be used. Use .withValues() to avoid precision loss - lib\app\features\wallet\presentation\screens\connect_wallet_screen.dart:119:54 - deprecated_member_use
   info - 'withOpacity' is deprecated and shouldn't be used. Use .withValues() to avoid precision loss - lib\app\features\wallet\presentation\screens\connect_wallet_screen.dart:130:43 - deprecated_member_use
   info - 'withOpacity' is deprecated and shouldn't be used. Use .withValues() to avoid precision loss - lib\app\features\wallet\presentation\screens\connect_wallet_screen.dart:149:51 - deprecated_member_use
   info - 'withOpacity' is deprecated and shouldn't be used. Use .withValues() to avoid precision loss - lib\app\features\wallet\presentation\screens\connect_wallet_screen.dart:206:61 - deprecated_member_use
   info - 'withOpacity' is deprecated and shouldn't be used. Use .withValues() to avoid precision loss - lib\app\features\wallet\presentation\screens\connect_wallet_screen.dart:210:44 - deprecated_member_use
   info - 'withOpacity' is deprecated and shouldn't be used. Use .withValues() to avoid precision loss - lib\app\features\wallet\presentation\screens\connect_wallet_screen.dart:219:32 - deprecated_member_use
   info - 'withOpacity' is deprecated and shouldn't be used. Use .withValues() to avoid precision loss - lib\app\features\wallet\presentation\screens\connect_wallet_screen.dart:234:62 - deprecated_member_use
   info - 'withOpacity' is deprecated and shouldn't be used. Use .withValues() to avoid precision loss - lib\app\features\wallet\presentation\screens\connect_wallet_screen.dart:240:52 - deprecated_member_use
   info - 'withOpacity' is deprecated and shouldn't be used. Use .withValues() to avoid precision loss - lib\app\features\wallet\presentation\screens\connect_wallet_screen.dart:297:56 - deprecated_member_use
   info - 'withOpacity' is deprecated and shouldn't be used. Use .withValues() to avoid precision loss - lib\app\features\wallet\presentation\screens\connect_wallet_screen.dart:300:42 - deprecated_member_use
   info - 'withOpacity' is deprecated and shouldn't be used. Use .withValues() to avoid precision loss - lib\app\features\wallet\presentation\screens\connect_wallet_screen.dart:309:45 - deprecated_member_use
   info - 'withOpacity' is deprecated and shouldn't be used. Use .withValues() to avoid precision loss - lib\app\features\wallet\presentation\screens\connect_wallet_screen.dart:337:54 - deprecated_member_use
   info - 'withOpacity' is deprecated and shouldn't be used. Use .withValues() to avoid precision loss - lib\app\features\wallet\presentation\screens\connect_wallet_screen.dart:352:54 - deprecated_member_use
   info - 'withOpacity' is deprecated and shouldn't be used. Use .withValues() to avoid precision loss - lib\app\features\wallet\presentation\screens\connect_wallet_screen.dart:365:62 - deprecated_member_use
   info - 'withOpacity' is deprecated and shouldn't be used. Use .withValues() to avoid precision loss - lib\app\features\wallet\presentation\screens\connect_wallet_screen.dart:369:58 - deprecated_member_use
   info - Statements in an if should be enclosed in a block - lib\app\features\wallet\presentation\screens\link_card_screen.dart:118:21 - curly_braces_in_flow_control_structures
   info - Statements in an if should be enclosed in a block - lib\app\features\wallet\presentation\screens\link_card_screen.dart:142:31 - curly_braces_in_flow_control_structures
   info - Statements in an if should be enclosed in a block - lib\app\features\wallet\presentation\screens\link_card_screen.dart:167:31 - curly_braces_in_flow_control_structures
   info - 'withOpacity' is deprecated and shouldn't be used. Use .withValues() to avoid precision loss - lib\app\features\wallet\presentation\screens\link_card_screen.dart:215:54 - deprecated_member_use
   info - 'withOpacity' is deprecated and shouldn't be used. Use .withValues() to avoid precision loss - lib\app\features\wallet\presentation\screens\link_card_screen.dart:244:47 - deprecated_member_use
   info - 'withOpacity' is deprecated and shouldn't be used. Use .withValues() to avoid precision loss - lib\app\features\wallet\presentation\screens\link_card_screen.dart:266:40 - deprecated_member_use
   info - 'withOpacity' is deprecated and shouldn't be used. Use .withValues() to avoid precision loss - lib\app\features\wallet\presentation\screens\link_card_screen.dart:278:37 - deprecated_member_use
   info - Statements in an if should be enclosed in a block - lib\app\features\wallet\presentation\screens\link_card_screen.dart:329:9 - curly_braces_in_flow_control_structures
   info - Statements in an if should be enclosed in a block - lib\app\features\wallet\presentation\screens\link_card_screen.dart:349:9 - curly_braces_in_flow_control_structures
   info - 'withOpacity' is deprecated and shouldn't be used. Use .withValues() to avoid precision loss - lib\app\features\wallet\presentation\screens\my_qr_screen.dart:31:41 - deprecated_member_use
   info - Statements in an if should be enclosed in a block - lib\app\features\wallet\presentation\screens\send_money_screen.dart:74:13 - curly_braces_in_flow_control_structures
   info - 'withOpacity' is deprecated and shouldn't be used. Use .withValues() to avoid precision loss - lib\app\features\wallet\presentation\screens\send_money_screen.dart:103:47 - deprecated_member_use
   info - 'withOpacity' is deprecated and shouldn't be used. Use .withValues() to avoid precision loss - lib\app\features\wallet\presentation\screens\send_money_screen.dart:104:47 - deprecated_member_use
   info - 'withOpacity' is deprecated and shouldn't be used. Use .withValues() to avoid precision loss - lib\app\features\wallet\presentation\screens\send_money_screen.dart:182:62 - deprecated_member_use
   info - 'withOpacity' is deprecated and shouldn't be used. Use .withValues() to avoid precision loss - lib\app\features\wallet\presentation\screens\send_money_screen.dart:247:42 - deprecated_member_use
   info - 'withOpacity' is deprecated and shouldn't be used. Use .withValues() to avoid precision loss - lib\app\features\wallet\presentation\screens\send_money_screen.dart:252:62 - deprecated_member_use
   info - 'withOpacity' is deprecated and shouldn't be used. Use .withValues() to avoid precision loss - lib\app\features\wallet\presentation\screens\send_money_screen.dart:281:56 - deprecated_member_use
   info - 'withOpacity' is deprecated and shouldn't be used. Use .withValues() to avoid precision loss - lib\app\features\wallet\presentation\screens\send_money_screen.dart:309:60 - deprecated_member_use
   info - 'withOpacity' is deprecated and shouldn't be used. Use .withValues() to avoid precision loss - lib\app\features\wallet\presentation\screens\send_money_screen.dart:330:56 - deprecated_member_use
   info - 'withOpacity' is deprecated and shouldn't be used. Use .withValues() to avoid precision loss - lib\app\features\wallet\presentation\screens\send_money_screen.dart:352:60 - deprecated_member_use
   info - 'withOpacity' is deprecated and shouldn't be used. Use .withValues() to avoid precision loss - lib\app\features\wallet\presentation\screens\send_money_screen.dart:360:56 - deprecated_member_use
   info - 'withOpacity' is deprecated and shouldn't be used. Use .withValues() to avoid precision loss - lib\app\features\wallet\presentation\screens\send_money_screen.dart:363:54 - deprecated_member_use
   info - 'withOpacity' is deprecated and shouldn't be used. Use .withValues() to avoid precision loss - lib\app\features\wallet\presentation\screens\send_money_screen.dart:395:52 - deprecated_member_use
   info - 'withOpacity' is deprecated and shouldn't be used. Use .withValues() to avoid precision loss - lib\app\features\wallet\presentation\screens\send_money_screen.dart:400:40 - deprecated_member_use
   info - 'withOpacity' is deprecated and shouldn't be used. Use .withValues() to avoid precision loss - lib\app\features\wallet\presentation\screens\send_money_screen.dart:411:46 - deprecated_member_use
   info - 'withOpacity' is deprecated and shouldn't be used. Use .withValues() to avoid precision loss - lib\app\features\wallet\presentation\screens\send_money_screen.dart:412:59 - deprecated_member_use
   info - 'withOpacity' is deprecated and shouldn't be used. Use .withValues() to avoid precision loss - lib\app\features\wallet\presentation\screens\send_money_screen.dart:437:48 - deprecated_member_use
   info - Statements in an if should be enclosed in a block - lib\app\features\wallet\presentation\screens\send_money_screen.dart:510:15 - curly_braces_in_flow_control_structures
   info - 'withOpacity' is deprecated and shouldn't be used. Use .withValues() to avoid precision loss - lib\app\features\wallet\presentation\screens\send_money_screen.dart:555:40 - deprecated_member_use
   info - 'withOpacity' is deprecated and shouldn't be used. Use .withValues() to avoid precision loss - lib\app\features\wallet\presentation\screens\send_money_screen.dart:559:56 - deprecated_member_use
   info - 'withOpacity' is deprecated and shouldn't be used. Use .withValues() to avoid precision loss - lib\app\features\wallet\presentation\screens\send_money_screen.dart:571:38 - deprecated_member_use
   info - 'withOpacity' is deprecated and shouldn't be used. Use .withValues() to avoid precision loss - lib\app\features\wallet\presentation\screens\send_money_screen.dart:572:51 - deprecated_member_use
   info - 'withOpacity' is deprecated and shouldn't be used. Use .withValues() to avoid precision loss - lib\app\features\wallet\presentation\screens\send_money_screen.dart:595:61 - deprecated_member_use
   info - 'withOpacity' is deprecated and shouldn't be used. Use .withValues() to avoid precision loss - lib\app\features\wallet\presentation\screens\send_money_screen.dart:623:60 - deprecated_member_use
   info - 'withOpacity' is deprecated and shouldn't be used. Use .withValues() to avoid precision loss - lib\app\features\wallet\presentation\screens\send_money_screen.dart:626:46 - deprecated_member_use
   info - 'withOpacity' is deprecated and shouldn't be used. Use .withValues() to avoid precision loss - lib\app\features\wallet\presentation\screens\send_money_screen.dart:688:58 - deprecated_member_use
   info - 'withOpacity' is deprecated and shouldn't be used. Use .withValues() to avoid precision loss - lib\app\features\wallet\presentation\screens\send_money_screen.dart:703:52 - deprecated_member_use
   info - 'withOpacity' is deprecated and shouldn't be used. Use .withValues() to avoid precision loss - lib\app\features\wallet\presentation\screens\send_money_screen.dart:724:49 - deprecated_member_use
   info - 'withOpacity' is deprecated and shouldn't be used. Use .withValues() to avoid precision loss - lib\app\features\wallet\presentation\screens\send_money_screen.dart:736:62 - deprecated_member_use
   info - 'withOpacity' is deprecated and shouldn't be used. Use .withValues() to avoid precision loss - lib\app\features\wallet\presentation\screens\send_money_screen.dart:775:43 - deprecated_member_use
   info - 'withOpacity' is deprecated and shouldn't be used. Use .withValues() to avoid precision loss - lib\app\features\wallet\presentation\screens\send_money_screen.dart:794:56 - deprecated_member_use
   info - 'withOpacity' is deprecated and shouldn't be used. Use .withValues() to avoid precision loss - lib\app\features\wallet\presentation\screens\send_money_screen.dart:804:47 - deprecated_member_use
   info - Unnecessary use of 'toList' in a spread - lib\app\features\wallet\presentation\screens\send_money_screen.dart:830:18 - unnecessary_to_list_in_spreads
   info - 'withOpacity' is deprecated and shouldn't be used. Use .withValues() to avoid precision loss - lib\app\features\wallet\presentation\screens\send_money_screen.dart:847:62 - deprecated_member_use
   info - 'withOpacity' is deprecated and shouldn't be used. Use .withValues() to avoid precision loss - lib\app\features\wallet\presentation\screens\send_money_screen.dart:858:62 - deprecated_member_use
   info - 'withOpacity' is deprecated and shouldn't be used. Use .withValues() to avoid precision loss - lib\app\features\wallet\presentation\screens\send_money_screen.dart:883:54 - deprecated_member_use
   info - 'withOpacity' is deprecated and shouldn't be used. Use .withValues() to avoid precision loss - lib\app\features\wallet\presentation\screens\send_money_screen.dart:886:40 - deprecated_member_use
   info - 'withOpacity' is deprecated and shouldn't be used. Use .withValues() to avoid precision loss - lib\app\features\wallet\presentation\screens\send_money_screen.dart:940:54 - deprecated_member_use
   info - 'withOpacity' is deprecated and shouldn't be used. Use .withValues() to avoid precision loss - lib\app\features\wallet\presentation\screens\split_bill_screen.dart:47:40 - deprecated_member_use
   info - 'withOpacity' is deprecated and shouldn't be used. Use .withValues() to avoid precision loss - lib\app\features\wallet\presentation\screens\split_bill_screen.dart:52:44 - deprecated_member_use
   info - 'withOpacity' is deprecated and shouldn't be used. Use .withValues() to avoid precision loss - lib\app\features\wallet\presentation\screens\split_bill_screen.dart:81:54 - deprecated_member_use
   info - 'withOpacity' is deprecated and shouldn't be used. Use .withValues() to avoid precision loss - lib\app\features\wallet\presentation\screens\split_bill_screen.dart:88:57 - deprecated_member_use
   info - 'withOpacity' is deprecated and shouldn't be used. Use .withValues() to avoid precision loss - lib\app\features\wallet\presentation\screens\split_bill_screen.dart:105:58 - deprecated_member_use
   info - 'withOpacity' is deprecated and shouldn't be used. Use .withValues() to avoid precision loss - lib\app\features\wallet\presentation\screens\split_bill_screen.dart:152:56 - deprecated_member_use
   info - 'withOpacity' is deprecated and shouldn't be used. Use .withValues() to avoid precision loss - lib\app\features\wallet\presentation\screens\split_bill_screen.dart:172:22 - deprecated_member_use
   info - 'withOpacity' is deprecated and shouldn't be used. Use .withValues() to avoid precision loss - lib\app\features\wallet\presentation\screens\split_bill_screen.dart:185:43 - deprecated_member_use
   info - 'withOpacity' is deprecated and shouldn't be used. Use .withValues() to avoid precision loss - lib\app\features\wallet\presentation\screens\split_bill_screen.dart:251:53 - deprecated_member_use
   info - 'withOpacity' is deprecated and shouldn't be used. Use .withValues() to avoid precision loss - lib\app\features\wallet\presentation\screens\split_bill_screen.dart:278:52 - deprecated_member_use
   info - 'withOpacity' is deprecated and shouldn't be used. Use .withValues() to avoid precision loss - lib\app\features\wallet\presentation\screens\split_bill_screen.dart:399:42 - deprecated_member_use
   info - 'withOpacity' is deprecated and shouldn't be used. Use .withValues() to avoid precision loss - lib\app\features\wallet\presentation\screens\split_bill_screen.dart:437:60 - deprecated_member_use
   info - Use 'const' with the constructor to improve performance - lib\app\features\wallet\presentation\screens\split_bill_screen.dart:470:24 - prefer_const_constructors
   info - 'withOpacity' is deprecated and shouldn't be used. Use .withValues() to avoid precision loss - lib\app\features\wallet\presentation\screens\transaction_history_screen.dart:204:63 - deprecated_member_use
   info - 'withOpacity' is deprecated and shouldn't be used. Use .withValues() to avoid precision loss - lib\app\features\wallet\presentation\screens\wallet_overview_screen.dart:36:52 - deprecated_member_use
   info - 'withOpacity' is deprecated and shouldn't be used. Use .withValues() to avoid precision loss - lib\app\features\wallet\presentation\screens\wallet_overview_screen.dart:157:28 - deprecated_member_use
   info - 'withOpacity' is deprecated and shouldn't be used. Use .withValues() to avoid precision loss - lib\app\features\wallet\presentation\screens\wallet_overview_screen.dart:217:35 - deprecated_member_use
   info - 'withOpacity' is deprecated and shouldn't be used. Use .withValues() to avoid precision loss - lib\app\features\wallet\presentation\screens\wallet_overview_screen.dart:260:34 - deprecated_member_use
   info - 'withOpacity' is deprecated and shouldn't be used. Use .withValues() to avoid precision loss - lib\app\features\wallet\presentation\screens\wallet_overview_screen.dart:291:63 - deprecated_member_use
   info - 'withOpacity' is deprecated and shouldn't be used. Use .withValues() to avoid precision loss - lib\app\features\wallet\presentation\screens\wallet_overview_screen.dart:346:61 - deprecated_member_use
   info - 'withOpacity' is deprecated and shouldn't be used. Use .withValues() to avoid precision loss - lib\app\features\wallet\presentation\screens\wallet_overview_screen.dart:374:16 - deprecated_member_use
   info - 'activeColor' is deprecated and shouldn't be used. Use activeThumbColor or activeTrackColor instead. This feature was deprecated after v3.31.0-2.0.pre - lib\app\features\wallet\presentation\screens\wallet_overview_screen.dart:408:15 - deprecated_member_use
warning - Unused import: 'package:paypulse/domain/entities/transaction_entity.dart' - lib\app\features\wallet\presentation\state\sms_analytics_provider.dart:3:8 - unused_import
   info - 'withOpacity' is deprecated and shouldn't be used. Use .withValues() to avoid precision loss - lib\app\features\wallet\presentation\widgets\holographic_card.dart:72:34 - deprecated_member_use
   info - 'withOpacity' is deprecated and shouldn't be used. Use .withValues() to avoid precision loss - lib\app\features\wallet\presentation\widgets\holographic_card.dart:73:34 - deprecated_member_use
   info - 'withOpacity' is deprecated and shouldn't be used. Use .withValues() to avoid precision loss - lib\app\features\wallet\presentation\widgets\holographic_card.dart:76:34 - deprecated_member_use
   info - 'withOpacity' is deprecated and shouldn't be used. Use .withValues() to avoid precision loss - lib\app\features\wallet\presentation\widgets\pay_pulse_card.dart:111:35 - deprecated_member_use
   info - 'withOpacity' is deprecated and shouldn't be used. Use .withValues() to avoid precision loss - lib\app\features\wallet\presentation\widgets\pay_pulse_card.dart:117:60 - deprecated_member_use
   info - 'withOpacity' is deprecated and shouldn't be used. Use .withValues() to avoid precision loss - lib\app\features\wallet\presentation\widgets\pay_pulse_card.dart:145:36 - deprecated_member_use
   info - 'withOpacity' is deprecated and shouldn't be used. Use .withValues() to avoid precision loss - lib\app\features\wallet\presentation\widgets\pay_pulse_card.dart:169:51 - deprecated_member_use
   info - 'withOpacity' is deprecated and shouldn't be used. Use .withValues() to avoid precision loss - lib\app\features\wallet\presentation\widgets\pay_pulse_card.dart:236:47 - deprecated_member_use
   info - 'withOpacity' is deprecated and shouldn't be used. Use .withValues() to avoid precision loss - lib\app\features\wallet\presentation\widgets\pay_pulse_card.dart:261:55 - deprecated_member_use
   info - 'withOpacity' is deprecated and shouldn't be used. Use .withValues() to avoid precision loss - lib\app\features\wallet\presentation\widgets\pay_pulse_card.dart:281:55 - deprecated_member_use
   info - 'withOpacity' is deprecated and shouldn't be used. Use .withValues() to avoid precision loss - lib\app\features\wallet\presentation\widgets\pay_pulse_card.dart:320:35 - deprecated_member_use
   info - 'withOpacity' is deprecated and shouldn't be used. Use .withValues() to avoid precision loss - lib\app\features\wallet\presentation\widgets\pay_pulse_card.dart:350:33 - deprecated_member_use
   info - 'withOpacity' is deprecated and shouldn't be used. Use .withValues() to avoid precision loss - lib\app\features\wallet\presentation\widgets\pay_pulse_card.dart:381:45 - deprecated_member_use
   info - 'withOpacity' is deprecated and shouldn't be used. Use .withValues() to avoid precision loss - lib\app\features\wallet\presentation\widgets\pay_pulse_card.dart:394:35 - deprecated_member_use
   info - 'withOpacity' is deprecated and shouldn't be used. Use .withValues() to avoid precision loss - lib\app\features\wallet\presentation\widgets\rate_comparison_widget.dart:61:46 - deprecated_member_use
   info - 'withOpacity' is deprecated and shouldn't be used. Use .withValues() to avoid precision loss - lib\app\features\wallet\presentation\widgets\rate_comparison_widget.dart:85:60 - deprecated_member_use
   info - 'withOpacity' is deprecated and shouldn't be used. Use .withValues() to avoid precision loss - lib\app\features\wallet\presentation\widgets\rate_comparison_widget.dart:121:44 - deprecated_member_use
   info - 'withOpacity' is deprecated and shouldn't be used. Use .withValues() to avoid precision loss - lib\app\features\wallet\presentation\widgets\rate_comparison_widget.dart:185:43 - deprecated_member_use
   info - 'withOpacity' is deprecated and shouldn't be used. Use .withValues() to avoid precision loss - lib\app\features\wallet\presentation\widgets\rate_comparison_widget.dart:223:35 - deprecated_member_use
   info - 'withOpacity' is deprecated and shouldn't be used. Use .withValues() to avoid precision loss - lib\app\features\wallet\presentation\widgets\rate_comparison_widget.dart:224:57 - deprecated_member_use
   info - 'withOpacity' is deprecated and shouldn't be used. Use .withValues() to avoid precision loss - lib\app\features\wallet\presentation\widgets\rate_comparison_widget.dart:227:53 - deprecated_member_use
   info - 'withOpacity' is deprecated and shouldn't be used. Use .withValues() to avoid precision loss - lib\app\features\wallet\presentation\widgets\rate_comparison_widget.dart:238:41 - deprecated_member_use
   info - 'withOpacity' is deprecated and shouldn't be used. Use .withValues() to avoid precision loss - lib\app\features\wallet\presentation\widgets\rate_comparison_widget.dart:239:41 - deprecated_member_use
   info - 'withOpacity' is deprecated and shouldn't be used. Use .withValues() to avoid precision loss - lib\app\features\wallet\presentation\widgets\rate_comparison_widget.dart:360:48 - deprecated_member_use
   info - 'withOpacity' is deprecated and shouldn't be used. Use .withValues() to avoid precision loss - lib\app\features\wallet\presentation\widgets\rate_comparison_widget.dart:366:50 - deprecated_member_use
   info - 'withOpacity' is deprecated and shouldn't be used. Use .withValues() to avoid precision loss - lib\app\features\wallet\presentation\widgets\rate_comparison_widget.dart:398:62 - deprecated_member_use
   info - 'withOpacity' is deprecated and shouldn't be used. Use .withValues() to avoid precision loss - lib\app\features\wallet\presentation\widgets\rate_comparison_widget.dart:426:60 - deprecated_member_use
   info - 'withOpacity' is deprecated and shouldn't be used. Use .withValues() to avoid precision loss - lib\app\features\wallet\presentation\widgets\request_card.dart:24:42 - deprecated_member_use
   info - 'withOpacity' is deprecated and shouldn't be used. Use .withValues() to avoid precision loss - lib\app\features\wallet\presentation\widgets\request_card.dart:26:61 - deprecated_member_use
   info - Use 'const' with the constructor to improve performance - lib\app\features\wallet\presentation\widgets\transaction_stories.dart:38:9 - prefer_const_constructors
   info - Use 'const' with the constructor to improve performance - lib\app\features\wallet\presentation\widgets\transaction_stories.dart:40:18 - prefer_const_constructors
   info - Use 'const' literals as arguments to constructors of '@immutable' classes - lib\app\features\wallet\presentation\widgets\transaction_stories.dart:41:23 - prefer_const_literals_to_create_immutables
   info - Use 'const' with the constructor to improve performance - lib\app\features\wallet\presentation\widgets\transaction_stories.dart:45:15 - prefer_const_constructors
   info - Use 'const' with the constructor to improve performance - lib\app\features\wallet\presentation\widgets\transaction_stories.dart:47:24 - prefer_const_constructors
warning - The value of the local variable 'theme' isn't used - lib\app\features\wallet\presentation\widgets\transaction_stories.dart:104:11 - unused_local_variable
   info - 'withOpacity' is deprecated and shouldn't be used. Use .withValues() to avoid precision loss - lib\app\features\wallet\presentation\widgets\transaction_stories.dart:121:62 - deprecated_member_use
   info - 'withOpacity' is deprecated and shouldn't be used. Use .withValues() to avoid precision loss - lib\app\features\wallet\presentation\widgets\transaction_stories.dart:136:35 - deprecated_member_use
   info - 'withOpacity' is deprecated and shouldn't be used. Use .withValues() to avoid precision loss - lib\app\features\wallet\presentation\widgets\transaction_stories.dart:151:45 - deprecated_member_use
   info - 'withOpacity' is deprecated and shouldn't be used. Use .withValues() to avoid precision loss - lib\app\features\wallet\presentation\widgets\transaction_stories.dart:167:45 - deprecated_member_use
   info - 'withOpacity' is deprecated and shouldn't be used. Use .withValues() to avoid precision loss - lib\app\features\wallet\presentation\widgets\vault_card.dart:23:63 - deprecated_member_use
   info - 'withOpacity' is deprecated and shouldn't be used. Use .withValues() to avoid precision loss - lib\app\features\wallet\presentation\widgets\vault_card.dart:31:50 - deprecated_member_use
   info - 'withOpacity' is deprecated and shouldn't be used. Use .withValues() to avoid precision loss - lib\app\features\wallet\presentation\widgets\vault_card.dart:53:60 - deprecated_member_use
   info - 'withOpacity' is deprecated and shouldn't be used. Use .withValues() to avoid precision loss - lib\app\features\wallet\presentation\widgets\virtual_card_widget.dart:20:35 - deprecated_member_use
   info - 'withOpacity' is deprecated and shouldn't be used. Use .withValues() to avoid precision loss - lib\app\features\wallet\presentation\widgets\virtual_card_widget.dart:27:28 - deprecated_member_use
   info - The member 'authenticateForLogin' overrides an inherited member but isn't annotated with '@override' - lib\core\services\biometric\biometric_service.dart:171:16 - annotate_overrides
   info - Unnecessary 'this.' qualifier - lib\core\services\location\location_service.dart:8:9 - unnecessary_this
   info - The 'if' statement could be replaced by a null-aware assignment - lib\core\services\sms_service.dart:359:5 - prefer_conditional_assignment
   info - Statements in an if should be enclosed in a block - lib\core\services\sms_service.dart:577:9 - curly_braces_in_flow_control_structures
   info - Statements in an if should be enclosed in a block - lib\core\services\sms_service.dart:591:9 - curly_braces_in_flow_control_structures
   info - Statements in an if should be enclosed in a block - lib\core\services\sms_service.dart:604:9 - curly_braces_in_flow_control_structures
   info - Statements in an if should be enclosed in a block - lib\core\services\sms_service.dart:617:9 - curly_braces_in_flow_control_structures
   info - Statements in an if should be enclosed in a block - lib\core\services\sms_service.dart:629:9 - curly_braces_in_flow_control_structures
   info - Statements in an if should be enclosed in a block - lib\core\services\sms_service.dart:639:9 - curly_braces_in_flow_control_structures
   info - Statements in an if should be enclosed in a block - lib\core\services\sms_service.dart:644:7 - curly_braces_in_flow_control_structures
   info - 'withOpacity' is deprecated and shouldn't be used. Use .withValues() to avoid precision loss - lib\core\theme\app_colors.dart:71:42 - deprecated_member_use
   info - 'withOpacity' is deprecated and shouldn't be used. Use .withValues() to avoid precision loss - lib\core\theme\app_colors.dart:72:52 - deprecated_member_use
   info - 'withOpacity' is deprecated and shouldn't be used. Use .withValues() to avoid precision loss - lib\core\theme\app_colors.dart:73:42 - deprecated_member_use
   info - 'withOpacity' is deprecated and shouldn't be used. Use .withValues() to avoid precision loss - lib\core\theme\app_colors.dart:74:42 - deprecated_member_use
   info - 'withOpacity' is deprecated and shouldn't be used. Use .withValues() to avoid precision loss - lib\core\theme\app_colors.dart:200:31 - deprecated_member_use
   info - 'withOpacity' is deprecated and shouldn't be used. Use .withValues() to avoid precision loss - lib\core\theme\app_colors.dart:208:31 - deprecated_member_use
   info - 'withOpacity' is deprecated and shouldn't be used. Use .withValues() to avoid precision loss - lib\core\theme\app_colors.dart:216:31 - deprecated_member_use
   info - 'withOpacity' is deprecated and shouldn't be used. Use .withValues() to avoid precision loss - lib\core\theme\app_colors.dart:224:24 - deprecated_member_use
   info - 'withOpacity' is deprecated and shouldn't be used. Use .withValues() to avoid precision loss - lib\core\theme\design_system_v2.dart:30:52 - deprecated_member_use
   info - 'withOpacity' is deprecated and shouldn't be used. Use .withValues() to avoid precision loss - lib\core\theme\design_system_v2.dart:31:53 - deprecated_member_use
   info - Use 'const' with the constructor to improve performance - lib\core\theme\design_system_v2.dart:108:20 - prefer_const_constructors
   info - 'background' is deprecated and shouldn't be used. Use surface instead. This feature was deprecated after v3.18.0-0.1.pre - lib\core\theme\design_system_v2.dart:112:9 - deprecated_member_use
   info - 'onBackground' is deprecated and shouldn't be used. Use onSurface instead. This feature was deprecated after v3.18.0-0.1.pre - lib\core\theme\design_system_v2.dart:113:9 - deprecated_member_use
   info - 'surfaceVariant' is deprecated and shouldn't be used. Use surfaceContainerHighest instead. This feature was deprecated after v3.18.0-0.1.pre - lib\core\theme\design_system_v2.dart:115:9 - deprecated_member_use
   info - 'withOpacity' is deprecated and shouldn't be used. Use .withValues() to avoid precision loss - lib\core\theme\design_system_v2.dart:152:34 - deprecated_member_use
   info - 'withOpacity' is deprecated and shouldn't be used. Use .withValues() to avoid precision loss - lib\core\theme\mood_theme_provider.dart:141:39 - deprecated_member_use
   info - 'withOpacity' is deprecated and shouldn't be used. Use .withValues() to avoid precision loss - lib\core\theme\mood_theme_provider.dart:143:58 - deprecated_member_use
   info - 'value' is deprecated and shouldn't be used. Use component accessors like .r or .g, or toARGB32 for an explicit conversion - lib\core\theme\theme_provider.dart:54:65 - deprecated_member_use
   info - 'withOpacity' is deprecated and shouldn't be used. Use .withValues() to avoid precision loss - lib\core\widgets\dialogs\premium_locked_dialog.dart:27:37 - deprecated_member_use
   info - 'translate' is deprecated and shouldn't be used. Use translateByVector3, translateByVector4, or translateByDouble instead - lib\core\widgets\parallax_card.dart:26:11 - deprecated_member_use
   info - 'withOpacity' is deprecated and shouldn't be used. Use .withValues() to avoid precision loss - lib\core\widgets\premium_cards.dart:43:46 - deprecated_member_use
   info - 'withOpacity' is deprecated and shouldn't be used. Use .withValues() to avoid precision loss - lib\core\widgets\premium_cards.dart:44:47 - deprecated_member_use
   info - 'withOpacity' is deprecated and shouldn't be used. Use .withValues() to avoid precision loss - lib\core\widgets\premium_cards.dart:48:50 - deprecated_member_use
   info - 'withOpacity' is deprecated and shouldn't be used. Use .withValues() to avoid precision loss - lib\core\widgets\premium_cards.dart:102:44 - deprecated_member_use
   info - 'withOpacity' is deprecated and shouldn't be used. Use .withValues() to avoid precision loss - lib\core\widgets\premium_cards.dart:156:37 - deprecated_member_use
   info - 'withOpacity' is deprecated and shouldn't be used. Use .withValues() to avoid precision loss - lib\core\widgets\premium_cards.dart:163:39 - deprecated_member_use
   info - 'withOpacity' is deprecated and shouldn't be used. Use .withValues() to avoid precision loss - lib\core\widgets\premium_cards.dart:221:38 - deprecated_member_use
   info - 'withOpacity' is deprecated and shouldn't be used. Use .withValues() to avoid precision loss - lib\core\widgets\premium_cards.dart:232:56 - deprecated_member_use
   info - 'withOpacity' is deprecated and shouldn't be used. Use .withValues() to avoid precision loss - lib\core\widgets\premium_cards.dart:395:29 - deprecated_member_use
   info - 'withOpacity' is deprecated and shouldn't be used. Use .withValues() to avoid precision loss - lib\core\widgets\premium_cards.dart:398:33 - deprecated_member_use
   info - Unnecessary 'this.' qualifier - lib\data\models\response\auth_response.dart:167:19 - unnecessary_this
   info - Unnecessary 'this.' qualifier - lib\data\models\response\auth_response.dart:168:35 - unnecessary_this
   info - Unnecessary 'this.' qualifier - lib\data\models\response\auth_response.dart:169:25 - unnecessary_this
   info - Unnecessary 'this.' qualifier - lib\data\models\response\auth_response.dart:170:27 - unnecessary_this
   info - Unnecessary 'this.' qualifier - lib\data\models\response\auth_response.dart:171:33 - unnecessary_this
   info - Unnecessary 'this.' qualifier - lib\data\models\response\auth_response.dart:172:35 - unnecessary_this
   info - Unnecessary 'this.' qualifier - lib\data\models\response\auth_response.dart:173:37 - unnecessary_this
   info - Unnecessary 'this.' qualifier - lib\data\models\response\auth_response.dart:174:49 - unnecessary_this
   info - Unnecessary 'this.' qualifier - lib\data\models\response\auth_response.dart:176:43 - unnecessary_this
   info - Unnecessary 'this.' qualifier - lib\data\models\response\auth_response.dart:177:43 - unnecessary_this
   info - Statements in an if should be enclosed in a block - lib\data\remote\datasources\wallet_datasource_impl.dart:106:9 - curly_braces_in_flow_control_structures
   info - Statements in an if should be enclosed in a block - lib\data\remote\datasources\wallet_datasource_impl.dart:167:9 - curly_braces_in_flow_control_structures
   info - Statements in an if should be enclosed in a block - lib\data\remote\datasources\wallet_datasource_impl.dart:169:9 - curly_braces_in_flow_control_structures
   info - Don't invoke 'print' in production code - lib\data\remote\firebase\firebase_auth.dart:124:9 - avoid_print
   info - Statements in an if should be enclosed in a block - lib\data\remote\firebase\firebase_auth.dart:250:9 - curly_braces_in_flow_control_structures
   info - Statements in an if should be enclosed in a block - lib\data\remote\firebase\firebase_auth.dart:257:9 - curly_braces_in_flow_control_structures
   info - Statements in an if should be enclosed in a block - lib\data\remote\firebase\firebase_auth.dart:259:9 - curly_braces_in_flow_control_structures
   info - Don't invoke 'print' in production code - lib\data\services\exchange_rate_service_impl.dart:141:9 - avoid_print
   info - Don't invoke 'print' in production code - lib\data\services\exchange_rate_service_impl.dart:198:7 - avoid_print
   info - Don't invoke 'print' in production code - lib\data\services\exchange_rate_service_impl.dart:222:7 - avoid_print
   info - Use 'const' literals as arguments to constructors of '@immutable' classes - lib\data\services\split_service_impl.dart:26:14 - prefer_const_literals_to_create_immutables
   info - Use 'const' literals as arguments to constructors of '@immutable' classes - lib\data\services\split_service_impl.dart:27:21 - prefer_const_literals_to_create_immutables

